22:08:10 **** Incremental Build of configuration Debug for project 1_1 Debug LED ****
make -j12 all 
arm-none-eabi-gcc "../Core/Src/main.c" -mcpu=cortex-m4 -std=gnu11 -g3 -DDEBUG -DUSE_HAL_DRIVER -DSTM32F405xx -DUSE_FULL_LL_DRIVER -c -I../Core/Inc -I../Drivers/STM32F4xx_HAL_Driver/Inc -I../Drivers/STM32F4xx_HAL_Driver/Inc/Legacy -I../Drivers/CMSIS/Device/ST/STM32F4xx/Include -I../Drivers/CMSIS/Include -O0 -ffunction-sections -fdata-sections -Wall -fstack-usage -fcyclomatic-complexity -MMD -MP -MF"Core/Src/main.d" -MT"Core/Src/main.o" --specs=nano.specs -mfpu=fpv4-sp-d16 -mfloat-abi=hard -mthumb -o "Core/Src/main.o"
arm-none-eabi-gcc -o "1_1 Debug LED.elf" @"objects.list"   -mcpu=cortex-m4 -T"D:\Code\STM32_Drone\1_1 Debug LED\STM32F405RGTX_FLASH.ld" --specs=nosys.specs -Wl,-Map="1_1 Debug LED.map" -Wl,--gc-sections -static --specs=nano.specs -mfpu=fpv4-sp-d16 -mfloat-abi=hard -mthumb -Wl,--start-group -lc -lm -Wl,--end-group
Finished building target: 1_1 Debug LED.elf
 
arm-none-eabi-size  1_1\ Debug\ LED.elf 
arm-none-eabi-objdump -h -S 1_1\ Debug\ LED.elf  > "1_1 Debug LED.list"
   text	   data	    bss	    dec	    hex	filename
   6056	     12	   1572	   7640	   1dd8	1_1 Debug LED.elf
Finished building: default.size.stdout
 
Finished building: 1_1 Debug LED.list
 

22:08:11 Build Finished. 0 errors, 0 warnings. (took 754ms)

